
> tfs-server@1.0.0 test
> jest tests/controllers/purchaseOrders.test.js

  console.log
    [dotenv@17.2.3] injecting env (8) from .env -- tip: Ô£à audit secrets and track compliance: https://dotenvx.com/ops

      at _log (node_modules/dotenv/lib/main.js:142:11)

  console.error
    ÔØî Error fetching suppliers: Error: Database error
        at Object.<anonymous> (C:\Users\Admin_TFS\Documents\Bongz\tfs_digital\server\tests\controllers\purchaseOrders.test.js:50:40)
        at Promise.finally.completed (C:\Users\Admin_TFS\Documents\Bongz\tfs_digital\server\node_modules\jest-circus\build\jestAdapterInit.js:1557:28)
        at new Promise (<anonymous>)
        at callAsyncCircusFn (C:\Users\Admin_TFS\Documents\Bongz\tfs_digital\server\node_modules\jest-circus\build\jestAdapterInit.js:1497:10)
        at _callCircusTest (C:\Users\Admin_TFS\Documents\Bongz\tfs_digital\server\node_modules\jest-circus\build\jestAdapterInit.js:1007:40)
        at _runTest (C:\Users\Admin_TFS\Documents\Bongz\tfs_digital\server\node_modules\jest-circus\build\jestAdapterInit.js:947:3)
        at C:\Users\Admin_TFS\Documents\Bongz\tfs_digital\server\node_modules\jest-circus\build\jestAdapterInit.js:849:7
        at _runTestsForDescribeBlock (C:\Users\Admin_TFS\Documents\Bongz\tfs_digital\server\node_modules\jest-circus\build\jestAdapterInit.js:862:11)
        at _runTestsForDescribeBlock (C:\Users\Admin_TFS\Documents\Bongz\tfs_digital\server\node_modules\jest-circus\build\jestAdapterInit.js:857:11)
        at _runTestsForDescribeBlock (C:\Users\Admin_TFS\Documents\Bongz\tfs_digital\server\node_modules\jest-circus\build\jestAdapterInit.js:857:11)
        at run (C:\Users\Admin_TFS\Documents\Bongz\tfs_digital\server\node_modules\jest-circus\build\jestAdapterInit.js:761:3)
        at runAndTransformResultsToJestFormat (C:\Users\Admin_TFS\Documents\Bongz\tfs_digital\server\node_modules\jest-circus\build\jestAdapterInit.js:1918:21)
        at jestAdapter (C:\Users\Admin_TFS\Documents\Bongz\tfs_digital\server\node_modules\jest-circus\build\runner.js:101:19)
        at runTestInternal (C:\Users\Admin_TFS\Documents\Bongz\tfs_digital\server\node_modules\jest-runner\build\index.js:275:16)
        at runTest (C:\Users\Admin_TFS\Documents\Bongz\tfs_digital\server\node_modules\jest-runner\build\index.js:343:7)

    [0m [90m 11 |[39m         res[33m.[39mjson({ success[33m:[39m [36mtrue[39m[33m,[39m suppliers[33m:[39m suppliers[33m.[39mrows [33m||[39m [] })[33m;[39m
     [90m 12 |[39m     } [36mcatch[39m (err) {
    [31m[1m>[22m[39m[90m 13 |[39m         console[33m.[39merror([32m'ÔØî Error fetching suppliers:'[39m[33m,[39m err)[33m;[39m
     [90m    |[39m                 [31m[1m^[22m[39m
     [90m 14 |[39m         res[33m.[39mstatus([35m500[39m)[33m.[39mjson({ success[33m:[39m [36mfalse[39m[33m,[39m error[33m:[39m [32m'Failed to fetch suppliers'[39m[33m,[39m details[33m:[39m err[33m.[39mmessage })[33m;[39m
     [90m 15 |[39m     }
     [90m 16 |[39m }[33m;[39m[0m

      at Object.error [as getSuppliers] (controllers/purchaseOrdersController.js:13:17)
      at Object.<anonymous> (tests/controllers/purchaseOrders.test.js:52:13)

  console.log
    ­ƒôÑ POST /api/purchase-orders - Request received at 2025-11-21T13:36:56.662Z

      at Object.log [as createPurchaseOrder] (controllers/purchaseOrdersController.js:21:13)

  console.log
    Ô£à Purchase Order created successfully: PO-123

      at Object.log [as createPurchaseOrder] (controllers/purchaseOrdersController.js:105:17)

  console.log
    ­ƒôÑ POST /api/purchase-orders - Request received at 2025-11-21T13:36:56.667Z

      at Object.log [as createPurchaseOrder] (controllers/purchaseOrdersController.js:21:13)

  console.error
    ÔØî Server Error: Error: Database connection failed
        at Object.<anonymous> (C:\Users\Admin_TFS\Documents\Bongz\tfs_digital\server\tests\controllers\purchaseOrders.test.js:99:40)
        at Promise.finally.completed (C:\Users\Admin_TFS\Documents\Bongz\tfs_digital\server\node_modules\jest-circus\build\jestAdapterInit.js:1557:28)
        at new Promise (<anonymous>)
        at callAsyncCircusFn (C:\Users\Admin_TFS\Documents\Bongz\tfs_digital\server\node_modules\jest-circus\build\jestAdapterInit.js:1497:10)
        at _callCircusTest (C:\Users\Admin_TFS\Documents\Bongz\tfs_digital\server\node_modules\jest-circus\build\jestAdapterInit.js:1007:40)
        at _runTest (C:\Users\Admin_TFS\Documents\Bongz\tfs_digital\server\node_modules\jest-circus\build\jestAdapterInit.js:947:3)
        at C:\Users\Admin_TFS\Documents\Bongz\tfs_digital\server\node_modules\jest-circus\build\jestAdapterInit.js:849:7
        at _runTestsForDescribeBlock (C:\Users\Admin_TFS\Documents\Bongz\tfs_digital\server\node_modules\jest-circus\build\jestAdapterInit.js:862:11)
        at _runTestsForDescribeBlock (C:\Users\Admin_TFS\Documents\Bongz\tfs_digital\server\node_modules\jest-circus\build\jestAdapterInit.js:857:11)
        at _runTestsForDescribeBlock (C:\Users\Admin_TFS\Documents\Bongz\tfs_digital\server\node_modules\jest-circus\build\jestAdapterInit.js:857:11)
        at run (C:\Users\Admin_TFS\Documents\Bongz\tfs_digital\server\node_modules\jest-circus\build\jestAdapterInit.js:761:3)
        at runAndTransformResultsToJestFormat (C:\Users\Admin_TFS\Documents\Bongz\tfs_digital\server\node_modules\jest-circus\build\jestAdapterInit.js:1918:21)
        at jestAdapter (C:\Users\Admin_TFS\Documents\Bongz\tfs_digital\server\node_modules\jest-circus\build\runner.js:101:19)
        at runTestInternal (C:\Users\Admin_TFS\Documents\Bongz\tfs_digital\server\node_modules\jest-runner\build\index.js:275:16)
        at runTest (C:\Users\Admin_TFS\Documents\Bongz\tfs_digital\server\node_modules\jest-runner\build\index.js:343:7)

    [0m [90m 122 |[39m     } [36mcatch[39m (err) {
     [90m 123 |[39m         [36mawait[39m client[33m.[39mquery([32m'ROLLBACK'[39m)[33m;[39m
    [31m[1m>[22m[39m[90m 124 |[39m         console[33m.[39merror([32m"ÔØî Server Error:"[39m[33m,[39m err)[33m;[39m
     [90m     |[39m                 [31m[1m^[22m[39m
     [90m 125 |[39m         [36mreturn[39m res[33m.[39mstatus([35m500[39m)[33m.[39mjson({
     [90m 126 |[39m             success[33m:[39m [36mfalse[39m[33m,[39m
     [90m 127 |[39m             message[33m:[39m [32m"Server error during PO creation"[39m[33m,[39m[0m

      at Object.error [as createPurchaseOrder] (controllers/purchaseOrdersController.js:124:17)
      at Object.<anonymous> (tests/controllers/purchaseOrders.test.js:101:13)

  console.log
    ­ƒôÑ POST /api/purchase-orders - Request received at 2025-11-21T13:36:56.673Z

      at Object.log [as createPurchaseOrder] (controllers/purchaseOrdersController.js:21:13)

node.exe : FAIL tests
/controllers/purchase
Orders.test.js
At line:1 char:1
+ & "C:\Program Files
\nodejs/node.exe" 
"C:\Program 
Files\nodejs/node_mo 
...
+ ~~~~~~~~~~~~~~~~~~~
~~~~~~~~~~~~~~~~~~~~~
~~~~~~~~~~~~~~~~~~~~~
~~~~~~~~
    + CategoryInfo   
           : NotSpe  
  cified: (FAIL te   
 sts/cont...eOrde    
rs.test.js:Strin    
g) [], RemoteExc    
eption
    + FullyQualified 
   ErrorId : Native  
  CommandError
 
  Purchase Orders 
Controller
    getSuppliers
      ÔêÜ should 
return a list of 
suppliers (2 ms)
      ÔêÜ should 
handle errors (15 ms)
    
createPurchaseOrder
      ÔêÜ should 
create a purchase 
order successfully 
with transaction (6 
ms)
      ÔêÜ should 
rollback transaction 
on error (5 ms)
      ÔêÜ should 
return 400 if 
required fields are 
missing (2 ms)
    
updatePurchaseOrder
      ├ù should 
update a draft 
purchase order (3 ms)
      ├ù should 
return 404 if PO not 
found or not draft 
(1 ms)

  ÔùÅ Purchase 
Orders Controller 
ÔÇ║ 
updatePurchaseOrder 
ÔÇ║ should update a 
draft purchase order

    expect(jest.fn())
.toHaveBeenCalledWith
(...expected)

    Expected: 
StringContaining 
"UPDATE 
purchase_orders"
    Received: 
"UPDATE 
purchase_orders 
                 SET 
po_number = 
COALESCE($1, 
po_number),
                     
order_date = 
COALESCE($2, 
order_date),
                     
expected_delivery = 
COALESCE($3, 
expected_delivery),
                     
manual_supplier_email
 = COALESCE($4, manua
l_supplier_email),
                     
updated_at = NOW()
                 
WHERE id = $5 AND 
status = 'draft'
                 
RETURNING *", 
["PO-UPDATED", 
undefined, 
undefined, 
undefined, 1]

    Number of calls: 
1

    [0m [90m 127 
|[39m             
[36mawait[39m purch
aseOrdersController[
33m.[39mupdatePurcha
seOrder(req[33m,[39
m res)[33m;[39m
     [90m 128 |[39m
    [31m[1m>[22m[
39m[90m 129 |[39m  
           expect(db
[33m.[39mquery)[33m
.[39mtoHaveBeenCalle
dWith(expect[33m.[3
9mstringContaining([
32m'UPDATE purchase_o
rders'[39m))[33m;[
39m
     [90m     
|[39m               
               
[31m[1m^[22m[39m
     [90m 130 
|[39m             ex
pect(res[33m.[39mjs
on)[33m.[39mtoHaveB
eenCalledWith(expect
[33m.[39mobjectConta
ining({
     [90m 131 
|[39m               
  success[33m:[39m 
[36mtrue[39m[33m,
[39m
     [90m 132 
|[39m               
  purchase_order[33m
:[39m expect[33m.[
39mobjectContaining({
 
po_number[33m:[39m 
[32m'PO-UPDATED'[39
m })[0m

      at Object.toHav
eBeenCalledWith (test
s/controllers/purchas
eOrders.test.js:129:3
0)

  ÔùÅ Purchase 
Orders Controller 
ÔÇ║ 
updatePurchaseOrder 
ÔÇ║ should return 
404 if PO not found 
or not draft

    expect(jest.fn())
.toHaveBeenCalledWith
(...expected)

    Expected: 
ObjectContaining 
{"message": 
"Purchase Order not 
found or not in 
draft status", 
"success": false}
    Received: 
{"error": "Purchase 
order not found or 
not in draft 
status", "success": 
false}

    Number of calls: 
1

    [0m [90m 144 
|[39m
     [90m 145 
|[39m             ex
pect(res[33m.[39mst
atus)[33m.[39mtoHav
eBeenCalledWith([35m
404[39m)[33m;[39m
    [31m[1m>[22m[
39m[90m 146 |[39m  
           expect(res
[33m.[39mjson)[33m
.[39mtoHaveBeenCalle
dWith(expect[33m.[3
9mobjectContaining({ 
success[33m:[39m [
36mfalse[39m[33m,[
39m 
message[33m:[39m 
[32m'Purchase Order 
not found or not in 
draft status'[39m 
}))[33m;[39m
     [90m     
|[39m               
               
[31m[1m^[22m[39m
     [90m 147 
|[39m         
})[33m;[39m
     [90m 148 
|[39m     
})[33m;[39m
     [90m 149 
|[39m 
})[33m;[39m[0m

      at Object.toHav
eBeenCalledWith (test
s/controllers/purchas
eOrders.test.js:146:3
0)

Test Suites: 1 
failed, 1 total
Tests:       2 
failed, 5 passed, 7 
total
Snapshots:   0 total
Time:        0.572 
s, estimated 1 s
Ran all test suites 
matching tests/contro
llers/purchaseOrders.
test.js.
